2026-09-07T19:08:39+00:00 reiniciando (2 falhas)
2026-09-07T19:08:45+00:00 OK    tmole   https://qtr5qm-ip-136-67-160-153.tunnelmole.net
2026-09-07T19:39:16+00:00 reiniciando (2 falhas)
2026-09-07T19:39:23+00:00 OK    serveo  https://15afe10d915ac2bc-136-67-160-153.serveousercontent.com
2026-09-07T19:41:10+00:00 reiniciando (2 falhas)
2026-09-07T19:41:15+00:00 OK    tmole   https://sjm4q6-ip-136-67-160-153.tunnelmole.net
2026-09-07T19:54:49+00:00 reiniciando (2 falhas)
2026-09-07T19:54:55+00:00 OK    serveo  https://a41ca194421de3cb-136-67-160-153.serveousercontent.com
2026-09-07T20:00:39+00:00 reiniciando (2 falhas)
2026-09-07T20:00:45+00:00 OK    tmole   https://xuhk9l-ip-136-67-160-153.tunnelmole.net
2026-09-07T20:10:53+00:00 reiniciando (2 falhas)
2026-09-07T20:10:59+00:00 OK    serveo  https://6ea254dede6c7951-136-67-160-153.serveousercontent.com
2026-09-07T20:21:31+00:00 reiniciando (2 falhas)
2026-09-07T20:21:36+00:00 OK    tmole   https://kbajsa-ip-136-67-160-153.tunnelmole.net
2026-09-07T21:05:59+00:00 reiniciando (2 falhas)
2026-09-07T21:06:05+00:00 OK    serveo  https://3a218503365ee3db-136-67-160-153.serveousercontent.com
2026-09-07T21:16:37+00:00 reiniciando (2 falhas)
2026-09-07T21:16:42+00:00 OK    tmole   https://6wrhoi-ip-136-67-160-153.tunnelmole.net
2026-09-07T22:15:35+00:00 reiniciando (2 falhas)
2026-09-07T22:15:41+00:00 OK    serveo  https://59edfc0a2421a9c6-136-67-160-153.serveousercontent.com
2026-09-07T22:26:14+00:00 reiniciando (2 falhas)
2026-09-07T22:26:19+00:00 OK    tmole   https://lgyjj5-ip-136-67-160-153.tunnelmole.net
2026-09-07T22:29:25+00:00 reiniciando (2 falhas)
2026-09-07T22:29:32+00:00 OK    serveo  https://09e892fb20d88e2b-136-67-160-153.serveousercontent.com
2026-09-07T23:20:05+00:00 reiniciando (2 falhas)
2026-09-07T23:21:07+00:00 FALHA tmole
2026-09-07T23:21:13+00:00 OK    serveo  https://6e1718ec819107d9-34-145-4-99.serveousercontent.com
2026-09-07T23:27:45+00:00 reiniciando (2 falhas)
2026-09-07T23:27:50+00:00 OK    tmole   https://uellu5-ip-34-145-4-99.tunnelmole.net
2026-09-07T23:34:32+00:00 reiniciando (2 falhas)
2026-09-07T23:34:44+00:00 OK    cf     https://bathroom-pursuant-clicks-wagner.trycloudflare.com
2026-09-07T23:35:44+00:00 reiniciando (2 falhas)
2026-09-07T23:35:56+00:00 OK    cf     https://oxford-redeem-posted-graphic.trycloudflare.com
2026-09-07T23:44:38+00:00 reiniciando (falhas=1 processo_morto=1 url=https://oxford-redeem-posted-graphic.trycloudflare.com)
2026-09-07T23:44:44+00:00 OK    lhr    https://admin.localhost.run
2026-09-07T23:46:56+00:00 reiniciando (falhas=1 processo_morto=1 url=)
2026-09-07T23:47:02+00:00 OK    lhr    https://be9827738a25eb.lhr.life
2026-09-08T00:07:16+00:00 reiniciando (falhas=6 processo_morto=0 url=https://be9827738a25eb.lhr.life)
2026-09-08T00:07:22+00:00 OK    lhr    https://6f16552f900a5b.lhr.life
2026-09-08T00:16:19+00:00 reiniciando (falhas=6 processo_morto=0 url=https://6f16552f900a5b.lhr.life)
2026-09-08T00:16:24+00:00 OK    lhr    https://39637825b84e8b.lhr.life
2026-09-08T00:26:08+00:00 reiniciando (falhas=6 processo_morto=0 url=https://39637825b84e8b.lhr.life)
2026-09-08T00:27:20+00:00 OK    lhr    https://992c131dc00e85.lhr.life
2026-09-08T00:36:43+00:00 reiniciando (falhas=6 processo_morto=0 url=https://992c131dc00e85.lhr.life)
2026-09-08T00:36:43+00:00 reiniciando (falhas=6 processo_morto=0 url=https://992c131dc00e85.lhr.life)
2026-09-08T00:36:48+00:00 OK    lhr    https://e296c4f26063e7.lhr.life
2026-09-08T00:36:48+00:00 OK    lhr    https://e296c4f26063e7.lhr.life
2026-09-08T00:53:40+00:00 reiniciando (falhas=6 processo_morto=0 url=https://e296c4f26063e7.lhr.life)
2026-09-08T00:53:40+00:00 reiniciando (falhas=6 processo_morto=0 url=https://e296c4f26063e7.lhr.life)
2026-09-08T00:53:43+00:00 reiniciando (falhas=6 processo_morto=0 url=https://e296c4f26063e7.lhr.life)
2026-09-08T00:53:46+00:00 OK    lhr    https://b74f41357b97c0.lhr.life
2026-09-08T00:53:46+00:00 OK    lhr    https://b74f41357b97c0.lhr.life
2026-09-08T00:53:49+00:00 OK    lhr    https://29da0af7d45601.lhr.life
